// Jest Snapshot v1, https://goo.gl/fbAQLP

exports[`Should render NotLearned 1`] = `
<div>
  <div
    class="sc-bdvvtL iEMdHO"
  >
    <p>
      NÃ£o dominado
    </p>
  </div>
</div>
`;
