// Jest Snapshot v1, https://goo.gl/fbAQLP

exports[`Should render Learned 1`] = `
<div>
  <div
    class="sc-bdvvtL IjgTa"
  >
    <p>
      Dominado!
    </p>
  </div>
</div>
`;
